// Vitest Snapshot v1, https://vitest.dev/guide/snapshot.html

exports[`AuthoritySection > matches the initial render snapshot 1`] = `
<DocumentFragment>
  <section
    class="py-24 bg-white border-y border-slate-100"
  >
    <div
      class="max-w-7xl mx-auto px-6 grid grid-cols-1 lg:grid-cols-2 gap-16 items-center"
    >
      <div>
        <h2
          class="text-4xl md:text-5xl font-bold text-slate-900 tracking-tight leading-tight"
          style="opacity: 0; transform: translateX(-20px);"
        >
          Deep expertise in 
          <br />
          <span
            class="text-blue-600"
          >
            regulated industries.
          </span>
        </h2>
        <p
          class="mt-6 text-lg text-slate-500 leading-relaxed max-w-md"
        >
          Since 2004, I've been engineering high-stakes digital platforms. From the fast-paced world of online retail to the precision-driven requirements of financial services.
        </p>
      </div>
      <div
        class="grid gap-4"
      >
        <div
          class="p-6 rounded-2xl bg-slate-50 border border-slate-100"
          style="opacity: 0; transform: translateY(10px);"
        >
          <div
            class="flex items-center gap-4"
          >
            <div
              class="p-3 rounded-xl bg-white text-blue-600 shadow-sm"
            >
              <svg
                aria-hidden="true"
                class="lucide lucide-shopping-bag"
                fill="none"
                height="20"
                stroke="currentColor"
                stroke-linecap="round"
                stroke-linejoin="round"
                stroke-width="2"
                viewBox="0 0 24 24"
                width="20"
                xmlns="http://www.w3.org/2000/svg"
              >
                <path
                  d="M16 10a4 4 0 0 1-8 0"
                />
                <path
                  d="M3.103 6.034h17.794"
                />
                <path
                  d="M3.4 5.467a2 2 0 0 0-.4 1.2V20a2 2 0 0 0 2 2h14a2 2 0 0 0 2-2V6.667a2 2 0 0 0-.4-1.2l-2-2.667A2 2 0 0 0 17 2H7a2 2 0 0 0-1.6.8z"
                />
              </svg>
            </div>
            <div>
              <h4
                class="font-bold text-slate-900"
              >
                Online Retail
              </h4>
              <p
                class="text-sm text-slate-500"
              >
                High-conversion e-commerce engines.
              </p>
            </div>
          </div>
        </div>
        <div
          class="p-6 rounded-2xl bg-slate-50 border border-slate-100"
          style="opacity: 0; transform: translateY(10px);"
        >
          <div
            class="flex items-center gap-4"
          >
            <div
              class="p-3 rounded-xl bg-white text-blue-600 shadow-sm"
            >
              <svg
                aria-hidden="true"
                class="lucide lucide-shield-check"
                fill="none"
                height="20"
                stroke="currentColor"
                stroke-linecap="round"
                stroke-linejoin="round"
                stroke-width="2"
                viewBox="0 0 24 24"
                width="20"
                xmlns="http://www.w3.org/2000/svg"
              >
                <path
                  d="M20 13c0 5-3.5 7.5-7.66 8.95a1 1 0 0 1-.67-.01C7.5 20.5 4 18 4 13V6a1 1 0 0 1 1-1c2 0 4.5-1.2 6.24-2.72a1.17 1.17 0 0 1 1.52 0C14.51 3.81 17 5 19 5a1 1 0 0 1 1 1z"
                />
                <path
                  d="m9 12 2 2 4-4"
                />
              </svg>
            </div>
            <div>
              <h4
                class="font-bold text-slate-900"
              >
                Financial Services
              </h4>
              <p
                class="text-sm text-slate-500"
              >
                Secure, compliant, and robust architecture.
              </p>
            </div>
          </div>
        </div>
        <div
          class="p-6 rounded-2xl bg-slate-50 border border-slate-100"
          style="opacity: 0; transform: translateY(10px);"
        >
          <div
            class="flex items-center gap-4"
          >
            <div
              class="p-3 rounded-xl bg-white text-blue-600 shadow-sm"
            >
              <svg
                aria-hidden="true"
                class="lucide lucide-history"
                fill="none"
                height="20"
                stroke="currentColor"
                stroke-linecap="round"
                stroke-linejoin="round"
                stroke-width="2"
                viewBox="0 0 24 24"
                width="20"
                xmlns="http://www.w3.org/2000/svg"
              >
                <path
                  d="M3 12a9 9 0 1 0 9-9 9.75 9.75 0 0 0-6.74 2.74L3 8"
                />
                <path
                  d="M3 3v5h5"
                />
                <path
                  d="M12 7v5l4 2"
                />
              </svg>
            </div>
            <div>
              <h4
                class="font-bold text-slate-900"
              >
                20+ Years Experience
              </h4>
              <p
                class="text-sm text-slate-500"
              >
                Two decades of digital evolution.
              </p>
            </div>
          </div>
        </div>
      </div>
    </div>
  </section>
</DocumentFragment>
`;
