// Vitest Snapshot v1, https://vitest.dev/guide/snapshot.html

exports[`Portfolio > matches the initial render snapshot 1`] = `
<DocumentFragment>
  <section
    class="py-24 bg-slate-50"
    id="work"
  >
    <div
      class="max-w-7xl mx-auto px-6"
    >
      <div
        class="flex flex-col md:flex-row md:items-end justify-between mb-12 gap-6"
      >
        <div
          class="max-w-2xl"
        >
          <h2
            class="text-4xl font-bold text-slate-900 tracking-tight mb-4"
          >
            Selected Projects
          </h2>
          <p
            class="text-lg text-slate-500"
          >
            A look at how I've helped small businesses establish a premium digital presence.
          </p>
        </div>
      </div>
      <div
        class="grid grid-cols-1 md:grid-cols-3 gap-8"
      >
        <div
          class="group"
          style="opacity: 0; transform: translateY(20px);"
        >
          <a
            class="block cursor-pointer"
            href="https://82electrical.co.uk"
            rel="noopener noreferrer"
            target="_blank"
          >
            <div
              class="relative aspect-[4/3] overflow-hidden rounded-3xl border border-slate-200 bg-white shadow-sm transition-all duration-300 group-hover:ring-2 group-hover:ring-slate-300"
            >
              <img
                alt="82Electrical"
                class="object-cover"
                data-nimg="fill"
                decoding="async"
                loading="lazy"
                sizes="100vw"
                src="/_next/image?url=%2F82electrical.png&w=3840&q=75"
                srcset="/_next/image?url=%2F82electrical.png&w=640&q=75 640w, /_next/image?url=%2F82electrical.png&w=750&q=75 750w, /_next/image?url=%2F82electrical.png&w=828&q=75 828w, /_next/image?url=%2F82electrical.png&w=1080&q=75 1080w, /_next/image?url=%2F82electrical.png&w=1200&q=75 1200w, /_next/image?url=%2F82electrical.png&w=1920&q=75 1920w, /_next/image?url=%2F82electrical.png&w=2048&q=75 2048w, /_next/image?url=%2F82electrical.png&w=3840&q=75 3840w"
                style="position: absolute; height: 100%; width: 100%; left: 0px; top: 0px; right: 0px; bottom: 0px; color: transparent;"
              />
            </div>
            <div
              class="mt-6 px-2"
            >
              <span
                class="text-xs font-semibold uppercase tracking-wider text-blue-600"
              >
                Electrician
              </span>
              <h3
                class="text-xl font-bold text-slate-900 mt-1 transition-colors group-hover:text-blue-700"
              >
                82Electrical
              </h3>
            </div>
          </a>
        </div>
        <div
          class=""
          style="opacity: 0; transform: translateY(20px);"
        >
          <div
            class="block cursor-default"
          >
            <div
              class="relative aspect-[4/3] overflow-hidden rounded-3xl border border-slate-200 bg-white shadow-sm transition-all duration-300 group-hover:ring-2 group-hover:ring-slate-300"
            >
              <img
                alt="Pops Place"
                class="object-cover"
                data-nimg="fill"
                decoding="async"
                loading="lazy"
                sizes="100vw"
                src="/_next/image?url=%2Fpops.png&w=3840&q=75"
                srcset="/_next/image?url=%2Fpops.png&w=640&q=75 640w, /_next/image?url=%2Fpops.png&w=750&q=75 750w, /_next/image?url=%2Fpops.png&w=828&q=75 828w, /_next/image?url=%2Fpops.png&w=1080&q=75 1080w, /_next/image?url=%2Fpops.png&w=1200&q=75 1200w, /_next/image?url=%2Fpops.png&w=1920&q=75 1920w, /_next/image?url=%2Fpops.png&w=2048&q=75 2048w, /_next/image?url=%2Fpops.png&w=3840&q=75 3840w"
                style="position: absolute; height: 100%; width: 100%; left: 0px; top: 0px; right: 0px; bottom: 0px; color: transparent;"
              />
            </div>
            <div
              class="mt-6 px-2"
            >
              <span
                class="text-xs font-semibold uppercase tracking-wider text-blue-600"
              >
                Burger Bar
              </span>
              <h3
                class="text-xl font-bold text-slate-900 mt-1 transition-colors group-hover:text-blue-700"
              >
                Pops Place
              </h3>
            </div>
          </div>
        </div>
        <div
          class=""
          style="opacity: 0; transform: translateY(20px);"
        >
          <div
            class="block cursor-default"
          >
            <div
              class="relative aspect-[4/3] overflow-hidden rounded-3xl border border-slate-200 bg-white shadow-sm transition-all duration-300 group-hover:ring-2 group-hover:ring-slate-300"
            >
              <img
                alt="Brendan's Brewtique"
                class="object-cover"
                data-nimg="fill"
                decoding="async"
                loading="lazy"
                sizes="100vw"
                src="/_next/image?url=%2Fbrewtique.png&w=3840&q=75"
                srcset="/_next/image?url=%2Fbrewtique.png&w=640&q=75 640w, /_next/image?url=%2Fbrewtique.png&w=750&q=75 750w, /_next/image?url=%2Fbrewtique.png&w=828&q=75 828w, /_next/image?url=%2Fbrewtique.png&w=1080&q=75 1080w, /_next/image?url=%2Fbrewtique.png&w=1200&q=75 1200w, /_next/image?url=%2Fbrewtique.png&w=1920&q=75 1920w, /_next/image?url=%2Fbrewtique.png&w=2048&q=75 2048w, /_next/image?url=%2Fbrewtique.png&w=3840&q=75 3840w"
                style="position: absolute; height: 100%; width: 100%; left: 0px; top: 0px; right: 0px; bottom: 0px; color: transparent;"
              />
            </div>
            <div
              class="mt-6 px-2"
            >
              <span
                class="text-xs font-semibold uppercase tracking-wider text-blue-600"
              >
                Beer retailer
              </span>
              <h3
                class="text-xl font-bold text-slate-900 mt-1 transition-colors group-hover:text-blue-700"
              >
                Brendan's Brewtique
              </h3>
            </div>
          </div>
        </div>
      </div>
    </div>
  </section>
</DocumentFragment>
`;
